
> deepfake-hunter@0.0.0 build
> vite build

[36mvite v5.4.21 [32mbuilding for production...[36m[39m
transforming...
[32m✓[39m 1470 modules transformed.
[31mx[39m Build failed in 2.30s
[31merror during build:
[31msrc/pages/BioAuth.jsx (4:57): "Keypad" is not exported by "node_modules/lucide-react/dist/esm/lucide-react.js", imported by "src/pages/BioAuth.jsx".[31m
file: [36mC:/Users/Asus/OneDrive/Desktop/madhansere/src/pages/BioAuth.jsx:4:57[31m
[33m
2: import { useNavigate } from 'react-router-dom';
3: import { useAuth } from '../context/AuthContext';
4: import { Fingerprint, Scan, CheckCircle2, Lock, Grid3X3, Keypad } from 'lucide-react';
                                                            ^
5: 
6: const BioAuth = () => {
[31m
    at getRollupError (file:///C:/Users/Asus/OneDrive/Desktop/madhansere/node_modules/rollup/dist/es/shared/parseAst.js:402:41)
    at error (file:///C:/Users/Asus/OneDrive/Desktop/madhansere/node_modules/rollup/dist/es/shared/parseAst.js:398:42)
    at Module.error (file:///C:/Users/Asus/OneDrive/Desktop/madhansere/node_modules/rollup/dist/es/shared/node-entry.js:17040:16)
    at Module.traceVariable (file:///C:/Users/Asus/OneDrive/Desktop/madhansere/node_modules/rollup/dist/es/shared/node-entry.js:17452:29)
    at ModuleScope.findVariable (file:///C:/Users/Asus/OneDrive/Desktop/madhansere/node_modules/rollup/dist/es/shared/node-entry.js:15070:39)
    at ReturnValueScope.findVariable (file:///C:/Users/Asus/OneDrive/Desktop/madhansere/node_modules/rollup/dist/es/shared/node-entry.js:5673:38)
    at FunctionBodyScope.findVariable (file:///C:/Users/Asus/OneDrive/Desktop/madhansere/node_modules/rollup/dist/es/shared/node-entry.js:5673:38)
    at Identifier.bind (file:///C:/Users/Asus/OneDrive/Desktop/madhansere/node_modules/rollup/dist/es/shared/node-entry.js:5447:40)
    at CallExpression.bind (file:///C:/Users/Asus/OneDrive/Desktop/madhansere/node_modules/rollup/dist/es/shared/node-entry.js:2825:28)
    at CallExpression.bind (file:///C:/Users/Asus/OneDrive/Desktop/madhansere/node_modules/rollup/dist/es/shared/node-entry.js:12179:15)[39m
